// Jest Snapshot v1, https://goo.gl/fbAQLP

exports[`should not render children when children are null 1`] = `null`;

exports[`should not render children when children are undefined 1`] = `null`;

exports[`should render children when children are defined 1`] = `<div />`;
