// Jest Snapshot v1, https://goo.gl/fbAQLP

exports[`should render children when children are defined 1`] = `<div />`;

exports[`should render children when children is null 1`] = `<div />`;

exports[`should render children when children is undefined 1`] = `<div />`;
